// Jest Snapshot v1, https://goo.gl/fbAQLP

exports[`App component renders App 1`] = `
<DocumentFragment>
  <div>
    <img
      alt="logo icon"
      src="/path/image"
    />
  </div>
  <div>
    <button
      class="sc-bdfBwQ gPqLer"
    >
      <div />
      <div />
      <div />
    </button>
    <nav
      class="sc-gsTCUz fgXOGZ"
    >
      <a
        href="/"
      >
        Home
      </a>
      <a
        href="/library"
      >
        Library
      </a>
      <a
        href="/about"
      >
        About
      </a>
    </nav>
  </div>
</DocumentFragment>
`;
